\BOOKMARK [0][-]{section*.1}{\376\377\000K\000A\000T\000A\000\040\000P\000E\000N\000G\000A\000N\000T\000A\000R}{}% 1
\BOOKMARK [0][-]{section*.7}{\376\377\000D\000A\000F\000T\000A\000R\000\040\000I\000S\000I}{}% 2
\BOOKMARK [0][-]{section*.9}{\376\377\000D\000A\000F\000T\000A\000R\000\040\000T\000A\000B\000E\000L}{}% 3
\BOOKMARK [0][-]{section*.11}{\376\377\000D\000A\000F\000T\000A\000R\000\040\000G\000A\000M\000B\000A\000R}{}% 4
\BOOKMARK [0][-]{chapter*.13}{\376\377\000P\000E\000N\000D\000A\000H\000U\000L\000U\000A\000N}{}% 5
\BOOKMARK [1][-]{section*.14}{\376\377\000L\000a\000t\000a\000r\000\040\000B\000e\000l\000a\000k\000a\000n\000g}{chapter*.13}% 6
\BOOKMARK [1][-]{section*.21}{\376\377\000S\000k\000e\000m\000a\000\040\000K\000e\000r\000j\000a\000\040\000P\000r\000a\000k\000t\000i\000k}{chapter*.13}% 7
\BOOKMARK [1][-]{section*.25}{\376\377\000T\000u\000j\000u\000a\000n\000\040\000d\000a\000n\000\040\000M\000a\000n\000f\000a\000a\000t}{chapter*.13}% 8
\BOOKMARK [1][-]{section*.30}{\376\377\000B\000a\000t\000a\000s\000a\000n\000\040\000K\000e\000r\000j\000a\000\040\000P\000r\000a\000k\000t\000i\000k}{chapter*.13}% 9
\BOOKMARK [1][-]{section*.43}{\376\377\000W\000a\000k\000t\000u\000\040\000P\000e\000l\000a\000k\000s\000a\000n\000a\000a\000n}{chapter*.13}% 10
\BOOKMARK [0][-]{chapter*.44}{\376\377\000L\000A\000N\000D\000A\000S\000A\000N\000\040\000T\000E\000O\000R\000I}{}% 11
\BOOKMARK [1][-]{section*.45}{\376\377\000R\000e\000k\000a\000y\000a\000s\000a\000\040\000P\000e\000r\000a\000n\000g\000k\000a\000t\000\040\000L\000u\000n\000a\000k}{chapter*.44}% 12
\BOOKMARK [2][-]{subsection*.46}{\376\377\000M\000o\000d\000e\000l\000\040\000P\000r\000o\000s\000e\000s\000:\000\040\000M\000e\000t\000o\000d\000o\000l\000o\000g\000i\000\040\000A\000g\000i\000l\000e}{section*.45}% 13
\BOOKMARK [1][-]{section*.50}{\376\377\000A\000r\000s\000i\000t\000e\000k\000t\000u\000r\000\040\000S\000i\000s\000t\000e\000m\000\040\000W\000e\000b\000\040\000M\000o\000d\000e\000r\000n}{chapter*.44}% 14
\BOOKMARK [2][-]{subsection*.51}{\376\377\000A\000r\000s\000i\000t\000e\000k\000t\000u\000r\000\040\000T\000i\000g\000a\000\040\000L\000a\000p\000i\000s\000a\000n}{section*.50}% 15
\BOOKMARK [2][-]{subsection*.56}{\376\377\000N\000e\000x\000t\000.\000j\000s\000\040\000d\000a\000n\000\040\000R\000e\000a\000c\000t\000\040\000S\000e\000r\000v\000e\000r\000\040\000C\000o\000m\000p\000o\000n\000e\000n\000t\000s}{section*.50}% 16
\BOOKMARK [1][-]{section*.57}{\376\377\000T\000y\000p\000e\000S\000c\000r\000i\000p\000t\000\040\000d\000a\000n\000\040\000K\000e\000a\000m\000a\000n\000a\000n\000\040\000T\000i\000p\000e}{chapter*.44}% 17
\BOOKMARK [2][-]{subsection*.58}{\376\377\000S\000i\000g\000n\000i\000f\000i\000k\000a\000n\000s\000i\000\040\000T\000y\000p\000e\000S\000c\000r\000i\000p\000t\000\040\000d\000a\000l\000a\000m\000\040\000P\000r\000o\000y\000e\000k\000\040\000C\000H\000P}{section*.57}% 18
\BOOKMARK [1][-]{section*.59}{\376\377\000B\000a\000c\000k\000e\000n\000d\000\040\000d\000a\000n\000\040\000B\000a\000s\000i\000s\000\040\000D\000a\000t\000a}{chapter*.44}% 19
\BOOKMARK [2][-]{subsection*.60}{\376\377\000P\000o\000s\000t\000g\000r\000e\000S\000Q\000L\000\040\000d\000a\000n\000\040\000B\000a\000s\000i\000s\000\040\000D\000a\000t\000a\000\040\000S\000e\000r\000v\000e\000r\000l\000e\000s\000s}{section*.59}% 20
\BOOKMARK [2][-]{subsection*.61}{\376\377\000D\000r\000i\000z\000z\000l\000e\000\040\000O\000R\000M\000\040\000d\000a\000n\000\040\000P\000e\000r\000a\000n\000c\000a\000n\000g\000a\000n\000\040\000S\000k\000e\000m\000a}{section*.59}% 21
\BOOKMARK [2][-]{subsection*.63}{\376\377\000t\000R\000P\000C}{section*.59}% 22
\BOOKMARK [1][-]{section*.67}{\376\377\000A\000u\000t\000e\000n\000t\000i\000k\000a\000s\000i\000\040\000d\000a\000n\000\040\000O\000t\000o\000r\000i\000s\000a\000s\000i}{chapter*.44}% 23
\BOOKMARK [2][-]{subsection*.69}{\376\377\000J\000S\000O\000N\000\040\000W\000e\000b\000\040\000T\000o\000k\000e\000n\000\040\000\050\000J\000W\000T\000\051}{section*.67}% 24
\BOOKMARK [2][-]{subsection*.72}{\376\377\000R\000o\000l\000e\000-\000B\000a\000s\000e\000d\000\040\000A\000c\000c\000e\000s\000s\000\040\000C\000o\000n\000t\000r\000o\000l\000\040\000\050\000R\000B\000A\000C\000\051}{section*.67}% 25
\BOOKMARK [1][-]{section*.82}{\376\377\000P\000e\000n\000g\000u\000j\000i\000a\000n\000\040\000P\000e\000r\000a\000n\000g\000k\000a\000t\000\040\000L\000u\000n\000a\000k}{chapter*.44}% 26
\BOOKMARK [2][-]{subsection*.83}{\376\377\000M\000e\000t\000o\000d\000o\000l\000o\000g\000i\000\040\000P\000e\000n\000g\000u\000j\000i\000a\000n}{section*.82}% 27
\BOOKMARK [2][-]{subsection*.85}{\376\377\000S\000t\000r\000a\000t\000e\000g\000i\000\040\000P\000i\000r\000a\000m\000i\000d\000a\000\040\000P\000e\000n\000g\000u\000j\000i\000a\000n}{section*.82}% 28
\BOOKMARK [2][-]{subsection*.87}{\376\377\000I\000n\000t\000e\000g\000r\000a\000t\000i\000o\000n\000\040\000T\000e\000s\000t\000i\000n\000g}{section*.82}% 29
\BOOKMARK [2][-]{subsection*.91}{\376\377\000P\000e\000n\000g\000u\000j\000i\000a\000n\000\040\000V\000a\000l\000i\000d\000a\000s\000i\000:\000\040\000A\000k\000u\000r\000a\000s\000i\000\040\000S\000k\000o\000r\000\040\000O\000t\000o\000m\000a\000t\000i\000s}{section*.82}% 30
\BOOKMARK [2][-]{subsection*.92}{\376\377\000U\000n\000i\000t\000\040\000T\000e\000s\000t\000i\000n\000g\000\040\000d\000e\000n\000g\000a\000n\000\040\000V\000i\000t\000e\000s\000t}{section*.82}% 31
\BOOKMARK [2][-]{subsection*.99}{\376\377\000E\000n\000d\000-\000t\000o\000-\000E\000n\000d\000\040\000T\000e\000s\000t\000i\000n\000g\000\040\000d\000e\000n\000g\000a\000n\000\040\000P\000l\000a\000y\000w\000r\000i\000g\000h\000t}{section*.82}% 32
\BOOKMARK [2][-]{subsection*.100}{\376\377\000C\000I\000/\000C\000D\000\040\000d\000e\000n\000g\000a\000n\000\040\000G\000i\000t\000H\000u\000b\000\040\000A\000c\000t\000i\000o\000n\000s}{section*.82}% 33
\BOOKMARK [1][-]{section*.107}{\376\377\000K\000e\000a\000m\000a\000n\000a\000n\000\040\000d\000a\000n\000\040\000P\000r\000i\000v\000a\000s\000i\000\040\000D\000a\000t\000a}{chapter*.44}% 34
\BOOKMARK [2][-]{subsection*.108}{\376\377\000O\000W\000A\000S\000P\000\040\000T\000o\000p\000\040\000T\000e\000n}{section*.107}% 35
\BOOKMARK [2][-]{subsection*.113}{\376\377\000R\000a\000t\000e\000\040\000L\000i\000m\000i\000t\000i\000n\000g\000\040\000d\000a\000n\000\040\000P\000e\000r\000l\000i\000n\000d\000u\000n\000g\000a\000n\000\040\000A\000P\000I}{section*.107}% 36
\BOOKMARK [2][-]{subsection*.116}{\376\377\000U\000n\000d\000a\000n\000g\000-\000U\000n\000d\000a\000n\000g\000\040\000P\000e\000r\000l\000i\000n\000d\000u\000n\000g\000a\000n\000\040\000D\000a\000t\000a\000\040\000P\000r\000i\000b\000a\000d\000i}{section*.107}% 37
\BOOKMARK [0][-]{chapter*.121}{\376\377\000A\000N\000A\000L\000I\000S\000A\000\040\000D\000A\000N\000\040\000P\000E\000R\000A\000N\000C\000A\000N\000G\000A\000N}{}% 38
\BOOKMARK [1][-]{section*.122}{\376\377\000A\000n\000a\000l\000i\000s\000i\000s\000\040\000K\000e\000b\000u\000t\000u\000h\000a\000n\000\040\000F\000u\000n\000g\000s\000i\000o\000n\000a\000l}{chapter*.121}% 39
\BOOKMARK [2][-]{subsection*.123}{\376\377\000K\000e\000b\000u\000t\000u\000h\000a\000n\000\040\000P\000e\000n\000g\000g\000u\000n\000a}{section*.122}% 40
\BOOKMARK [2][-]{subsection*.124}{\376\377\000K\000e\000b\000u\000t\000u\000h\000a\000n\000\040\000P\000e\000r\000a\000n\000g\000k\000a\000t\000\040\000L\000u\000n\000a\000k}{section*.122}% 41
\BOOKMARK [2][-]{subsection*.126}{\376\377\000K\000e\000b\000u\000t\000u\000h\000a\000n\000\040\000P\000e\000r\000a\000n\000g\000k\000a\000t\000\040\000K\000e\000r\000a\000s}{section*.122}% 42
\BOOKMARK [2][-]{subsection*.128}{\376\377\000D\000i\000a\000g\000r\000a\000m\000\040\000U\000s\000e\000\040\000C\000a\000s\000e}{section*.122}% 43
\BOOKMARK [1][-]{section*.130}{\376\377\000A\000n\000a\000l\000i\000s\000i\000s\000\040\000K\000e\000b\000u\000t\000u\000h\000a\000n\000\040\000N\000o\000n\000-\000F\000u\000n\000g\000s\000i\000o\000n\000a\000l}{chapter*.121}% 44
\BOOKMARK [1][-]{section*.131}{\376\377\000P\000e\000r\000a\000n\000c\000a\000n\000g\000a\000n\000\040\000A\000r\000s\000i\000t\000e\000k\000t\000u\000r\000\040\000S\000i\000s\000t\000e\000m}{chapter*.121}% 45
\BOOKMARK [2][-]{subsection*.137}{\376\377\000B\000a\000t\000a\000s\000\040\000K\000l\000i\000e\000n\000-\000S\000e\000r\000v\000e\000r}{section*.131}% 46
\BOOKMARK [1][-]{section*.138}{\376\377\000P\000e\000r\000a\000n\000c\000a\000n\000g\000a\000n\000\040\000B\000a\000s\000i\000s\000\040\000D\000a\000t\000a}{chapter*.121}% 47
\BOOKMARK [2][-]{subsection*.139}{\376\377\000M\000o\000d\000e\000l\000\040\000D\000o\000m\000a\000i\000n}{section*.138}% 48
\BOOKMARK [2][-]{subsection*.146}{\376\377\000S\000k\000e\000m\000a\000\040\000T\000a\000b\000e\000l}{section*.138}% 49
\BOOKMARK [2][-]{subsection*.148}{\376\377\000R\000e\000l\000a\000s\000i\000\040\000A\000n\000t\000a\000r\000-\000E\000n\000t\000i\000t\000a\000s}{section*.138}% 50
\BOOKMARK [2][-]{subsection*.155}{\376\377\000K\000e\000p\000u\000t\000u\000s\000a\000n\000\040\000P\000e\000r\000a\000n\000c\000a\000n\000g\000a\000n\000\040\000K\000r\000i\000t\000i\000s}{section*.138}% 51
\BOOKMARK [1][-]{section*.160}{\376\377\000P\000e\000r\000a\000n\000c\000a\000n\000g\000a\000n\000\040\000A\000n\000t\000a\000r\000m\000u\000k\000a\000\040\000P\000e\000m\000r\000o\000g\000r\000a\000m\000a\000n\000\040\000A\000p\000l\000i\000k\000a\000s\000i}{chapter*.121}% 52
\BOOKMARK [1][-]{section*.161}{\376\377\000P\000e\000r\000a\000n\000c\000a\000n\000g\000a\000n\000\040\000A\000l\000u\000r\000\040\000A\000n\000t\000a\000r\000m\000u\000k\000a\000\040\000P\000e\000n\000g\000g\000u\000n\000a}{chapter*.121}% 53
\BOOKMARK [0][-]{chapter*.166}{\376\377\000I\000M\000P\000L\000E\000M\000E\000N\000T\000A\000S\000I\000\040\000D\000A\000N\000\040\000T\000E\000S\000T\000I\000N\000G}{}% 54
\BOOKMARK [1][-]{section*.167}{\376\377\000L\000i\000n\000g\000k\000u\000n\000g\000a\000n\000\040\000P\000e\000n\000g\000e\000m\000b\000a\000n\000g\000a\000n}{chapter*.166}% 55
\BOOKMARK [1][-]{section*.168}{\376\377\000I\000m\000p\000l\000e\000m\000e\000n\000t\000a\000s\000i\000\040\000B\000a\000s\000i\000s\000\040\000D\000a\000t\000a}{chapter*.166}% 56
\BOOKMARK [1][-]{section*.169}{\376\377\000I\000m\000p\000l\000e\000m\000e\000n\000t\000a\000s\000i\000\040\000S\000c\000o\000r\000i\000n\000g\000\040\000E\000n\000g\000i\000n\000e}{chapter*.166}% 57
\BOOKMARK [2][-]{subsection*.170}{\376\377\000F\000u\000n\000g\000s\000i\000\040\000r\000e\000v\000e\000r\000s\000e\000S\000c\000o\000r\000e}{section*.169}% 58
\BOOKMARK [2][-]{subsection*.172}{\376\377\000F\000u\000n\000g\000s\000i\000\040\000c\000o\000m\000p\000u\000t\000e\000S\000c\000o\000r\000e}{section*.169}% 59
\BOOKMARK [2][-]{subsection*.178}{\376\377\000F\000u\000n\000g\000s\000i\000\040\000l\000o\000o\000k\000u\000p\000I\000n\000t\000e\000r\000p\000r\000e\000t\000a\000t\000i\000o\000n}{section*.169}% 60
\BOOKMARK [2][-]{subsection*.179}{\376\377\000F\000u\000n\000g\000s\000i\000\040\000V\000a\000l\000i\000d\000a\000s\000i}{section*.169}% 61
\BOOKMARK [2][-]{subsection*.180}{\376\377\000I\000n\000s\000t\000r\000u\000m\000e\000n\000\040\000y\000a\000n\000g\000\040\000D\000i\000i\000m\000p\000l\000e\000m\000e\000n\000t\000a\000s\000i\000k\000a\000n}{section*.169}% 62
\BOOKMARK [1][-]{section*.185}{\376\377\000I\000m\000p\000l\000e\000m\000e\000n\000t\000a\000s\000i\000\040\000A\000P\000I\000\040\000t\000R\000P\000C}{chapter*.166}% 63
\BOOKMARK [2][-]{subsection*.186}{\376\377\000K\000o\000m\000p\000o\000s\000i\000s\000i\000\040\000R\000o\000u\000t\000e\000r}{section*.185}% 64
\BOOKMARK [2][-]{subsection*.187}{\376\377\000S\000t\000r\000u\000c\000t\000u\000r\000a\000l\000\040\000L\000o\000c\000k}{section*.185}% 65
\BOOKMARK [2][-]{subsection*.188}{\376\377\000O\000p\000e\000r\000a\000s\000i\000\040\000I\000d\000e\000m\000p\000o\000t\000e\000n}{section*.185}% 66
\BOOKMARK [1][-]{section*.189}{\376\377\000I\000m\000p\000l\000e\000m\000e\000n\000t\000a\000s\000i\000\040\000A\000u\000t\000e\000n\000t\000i\000k\000a\000s\000i}{chapter*.166}% 67
\BOOKMARK [2][-]{subsection*.190}{\376\377\000A\000u\000t\000e\000n\000t\000i\000k\000a\000s\000i\000\040\000P\000e\000n\000g\000g\000u\000n\000a\000\040\000P\000u\000b\000l\000i\000k\000\040\000\050\000A\000u\000t\000h\000.\000j\000s\000\040\000v\0005\000\051}{section*.189}% 68
\BOOKMARK [2][-]{subsection*.196}{\376\377\000A\000u\000t\000e\000n\000t\000i\000k\000a\000s\000i\000\040\000A\000d\000m\000i\000n\000i\000s\000t\000r\000a\000t\000o\000r\000\040\000\050\000j\000o\000s\000e\000\040\000J\000W\000T\000\051}{section*.189}% 69
\BOOKMARK [2][-]{subsection*.202}{\376\377\000R\000a\000t\000e\000\040\000L\000i\000m\000i\000t\000i\000n\000g\000\040\000p\000a\000d\000a\000\040\000L\000o\000g\000i\000n\000\040\000A\000d\000m\000i\000n}{section*.189}% 70
\BOOKMARK [1][-]{section*.205}{\376\377\000I\000m\000p\000l\000e\000m\000e\000n\000t\000a\000s\000i\000\040\000P\000a\000n\000e\000l\000\040\000A\000d\000m\000i\000n\000i\000s\000t\000r\000a\000s\000i}{chapter*.166}% 71
\BOOKMARK [1][-]{section*.214}{\376\377\000I\000m\000p\000l\000e\000m\000e\000n\000t\000a\000s\000i\000\040\000G\000e\000n\000e\000r\000a\000s\000i\000\040\000P\000D\000F\000\040\000d\000a\000n\000\040\000P\000e\000n\000g\000i\000r\000i\000m\000a\000n\000\040\000S\000u\000r\000e\000l}{chapter*.166}% 72
\BOOKMARK [1][-]{section*.215}{\376\377\000P\000e\000n\000g\000u\000j\000i\000a\000n\000\040\000U\000n\000i\000t}{chapter*.166}% 73
\BOOKMARK [1][-]{section*.216}{\376\377\000P\000e\000n\000g\000u\000j\000i\000a\000n\000\040\000C\000I\000/\000C\000D}{chapter*.166}% 74
\BOOKMARK [1][-]{section*.222}{\376\377\000D\000e\000p\000l\000o\000y\000m\000e\000n\000t}{chapter*.166}% 75
\BOOKMARK [1][-]{section*.225}{\376\377\000P\000e\000m\000e\000n\000u\000h\000a\000n\000\040\000P\000e\000r\000m\000i\000n\000t\000a\000a\000n\000\040\000D\000o\000s\000e\000n\000\040\000P\000e\000m\000i\000l\000i\000k\000\040\000P\000r\000o\000y\000e\000k}{chapter*.166}% 76
\BOOKMARK [2][-]{subsection*.226}{\376\377\000P\000e\000r\000m\000i\000n\000t\000a\000a\000n\000\040\000y\000a\000n\000g\000\040\000B\000e\000l\000u\000m\000\040\000T\000e\000r\000c\000a\000p\000a\000i}{section*.225}% 77
\BOOKMARK [0][-]{chapter*.227}{\376\377\000P\000E\000N\000U\000T\000U\000P}{}% 78
\BOOKMARK [1][-]{section*.228}{\376\377\000K\000e\000s\000i\000m\000p\000u\000l\000a\000n}{chapter*.227}% 79
\BOOKMARK [1][-]{section*.237}{\376\377\000S\000a\000r\000a\000n}{chapter*.227}% 80
\BOOKMARK [0][-]{section*.245}{\376\377\000D\000A\000F\000T\000A\000R\000\040\000P\000U\000S\000T\000A\000K\000A}{}% 81
\BOOKMARK [0][-]{section*.247}{\376\377\000L\000A\000M\000P\000I\000R\000A\000N}{}% 82
